
> testology@0.1.0 build
> next build

  ظû▓ Next.js 14.2.29
  - Environments: .env.local, .env

   Creating an optimized production build ...
node.exe :  ظأب Compiled with warnings
At C:\Program Files\nodejs\npm.ps1:29 char:3
+   & $NODE_EXE $NPM_CLI_JS $args
+   ~~~~~~~~~~~~~~~~~~~~~~~~~~~~~
    + CategoryInfo          : NotSpecified: ( ظأب Compiled with warnings:String) [], RemoteException
    + FullyQualifiedErrorId : NativeCommandError
 

./app/api/user/progress/route.ts
Attempted import error: '@/lib/prisma' does not contain a default export (imported as 'prisma').

Import trace for requested module:
./app/api/user/progress/route.ts

./app/api/user/progress/route.ts
Attempted import error: '@/lib/prisma' does not contain a default export (imported as 'prisma').

Import trace for requested module:
./app/api/user/progress/route.ts

./app/api/user/progress/route.ts
Attempted import error: '@/lib/prisma' does not contain a default export (imported as 'prisma').

Import trace for requested module:
./app/api/user/progress/route.ts

./app/api/user/progress/route.ts
Attempted import error: '@/lib/prisma' does not contain a default export (imported as 'prisma').

Import trace for requested module:
./app/api/user/progress/route.ts

./pages/api/analyze-session/[id].ts
Attempted import error: 'openai' is not exported from '@/lib/openai' (imported as 'openai').

Import trace for requested module:
./pages/api/analyze-session/[id].ts

./pages/api/chat-bot.ts
Attempted import error: 'openai' is not exported from '@/lib/openai' (imported as 'openai').

Import trace for requested module:
./pages/api/chat-bot.ts

./pages/api/final-summary.ts
Attempted import error: 'openai' is not exported from '@/lib/openai' (imported as 'openai').

Import trace for requested module:
./pages/api/final-summary.ts

   Linting and checking validity of types ...
Failed to compile.

./app/admin/levels/page.tsx:15:31
Type error: Property 'userLevel' does not exist on type 'PrismaClient<PrismaClientOptions, never, DefaultArgs>'.

[0m [90m 13 |[39m   }[0m
[0m [90m 14 |[39m[0m
[0m[31m[1m>[22m[39m[90m 15 |[39m   [36mconst[39m levels [33m=[39m [36mawait[39m 
prisma[33m.[39muserLevel[33m.[39mfindMany({[0m
[0m [90m    |[39m                               [31m[1m^[22m[39m[0m
[0m [90m 16 |[39m     orderBy[33m:[39m { level[33m:[39m [32m'asc'[39m }[0m
[0m [90m 17 |[39m   })[0m
[0m [90m 18 |[39m[0m
Next.js build worker exited with code: 1 and signal: null
